******************************************************************************
                  TI ARM Linker PC v20.2.5                     
******************************************************************************
>> Linked Sun Mar 20 21:59:53 2022

OUTPUT FILE NAME:   <lab4_Carta.out>
ENTRY POINT SYMBOL: "_c_int00_noargs"  address: 00000851


MEMORY CONFIGURATION

         name            origin    length      used     unused   attr    fill
----------------------  --------  ---------  --------  --------  ----  --------
  MAIN                  00000000   00040000  00000924  0003f6dc  R  X
  INFO                  00200000   00004000  00000000  00004000  R  X
  SRAM_CODE             01000000   00010000  0000026c  0000fd94  RW X
  SRAM_DATA             20000000   00010000  0000026c  0000fd94  RW  


SEGMENT ALLOCATION MAP

run origin  load origin   length   init length attrs members
----------  ----------- ---------- ----------- ----- -------
00000000    00000000    00000928   00000928    r-x
  00000000    00000000    000000e4   000000e4    r-- .intvecs
  000000e4    000000e4    000007e0   000007e0    r-x .text
  000008c4    000008c4    00000008   00000008    r-- .const
  000008d0    000008d0    00000058   00000058    r-- .cinit
20000000    20000000    0000006c   00000000    rw-
  20000000    20000000    0000006c   00000000    rw- .data
2000fe00    2000fe00    00000200   00000000    rw-
  2000fe00    2000fe00    00000200   00000000    rw- .stack


SECTION ALLOCATION MAP

 output                                  attributes/
section   page    origin      length       input sections
--------  ----  ----------  ----------   ----------------
.intvecs   0    00000000    000000e4     
                  00000000    000000e4     startup_msp432p401r_ccs.obj (.intvecs:retain)

.text      0    000000e4    000007e0     
                  000000e4    0000020c     button.obj (.text)
                  000002f0    000001e0     system_msp432p401r.obj (.text)
                  000004d0    0000011c     led.obj (.text)
                  000005ec    0000009c     lab4.obj (.text)
                  00000688    0000009c     rtsv7M4_T_le_v4SPD16_eabi.lib : memcpy_t2.asm.obj (.text)
                  00000724    00000080     msp432p4xx_driverlib.lib : interrupt.o (.text:Interrupt_enableInterrupt)
                  000007a4    00000068     rtsv7M4_T_le_v4SPD16_eabi.lib : copy_decompress_lzss.c.obj (.text:decompress:lzss:__TI_decompress_lzss)
                  0000080c    00000044                                   : autoinit.c.obj (.text:__TI_auto_init_nobinit_nopinit:__TI_auto_init_nobinit_nopinit)
                  00000850    00000034                                   : boot_cortex_m.c.obj (.text:_c_int00_noargs:_c_int00_noargs)
                  00000884    00000010     msp432p4xx_driverlib.lib : interrupt.o (.text:Interrupt_enableMaster)
                  00000894    0000000e     rtsv7M4_T_le_v4SPD16_eabi.lib : copy_decompress_none.c.obj (.text:decompress:none:__TI_decompress_none)
                  000008a2    0000000e     startup_msp432p401r_ccs.obj (.text)
                  000008b0    0000000c     msp432p4xx_driverlib.lib : cpu.o (.text:CPU_cpsie)
                  000008bc    00000004     rtsv7M4_T_le_v4SPD16_eabi.lib : pre_init.c.obj (.text:_system_pre_init)
                  000008c0    00000004                                   : exit.c.obj (.text:abort:abort)

.const     0    000008c4    00000008     
                  000008c4    00000008     msp432p4xx_driverlib.lib : interrupt.o (.const:g_pulEnRegs)

.cinit     0    000008d0    00000058     
                  000008d0    00000046     (.cinit..data.load) [load image, compression = lzss]
                  00000916    00000002     --HOLE-- [fill = 0]
                  00000918    00000008     (__TI_handler_table)
                  00000920    00000008     (__TI_cinit_table)

.init_array 
*          0    00000000    00000000     UNINITIALIZED

.binit     0    00000000    00000000     

.data      0    20000000    0000006c     UNINITIALIZED
                  20000000    00000038     led.obj (.data:_ledPinRefs)
                  20000038    00000030     button.obj (.data:_pinrefs)
                  20000068    00000004     system_msp432p401r.obj (.data)

.stack     0    2000fe00    00000200     UNINITIALIZED
                  2000fe00    00000004     rtsv7M4_T_le_v4SPD16_eabi.lib : boot_cortex_m.c.obj (.stack)
                  2000fe04    000001fc     --HOLE--

__llvm_prf_cnts 
*          0    20000000    00000000     UNINITIALIZED

MODULE SUMMARY

       Module                        code   ro data   rw data
       ------                        ----   -------   -------
    .\
       button.obj                    524    0         96     
       system_msp432p401r.obj        480    0         8      
       led.obj                       284    0         112    
       lab4.obj                      156    0         0      
    +--+-----------------------------+------+---------+---------+
       Total:                        1444   0         216    
                                                             
    .\ccs\
       startup_msp432p401r_ccs.obj   14     228       0      
    +--+-----------------------------+------+---------+---------+
       Total:                        14     228       0      
                                                             
    C:/ti/simplelink_msp432p4_sdk_3_40_01_02/source/ti/devices/msp432p4xx/driverlib/ccs/msp432p4xx_driverlib.lib
       interrupt.o                   144    8         0      
       cpu.o                         12     0         0      
    +--+-----------------------------+------+---------+---------+
       Total:                        156    8         0      
                                                             
    C:\ti\ccs1110\ccs\tools\compiler\ti-cgt-arm_20.2.5.LTS\lib\rtsv7M4_T_le_v4SPD16_eabi.lib
       memcpy_t2.asm.obj             156    0         0      
       copy_decompress_lzss.c.obj    104    0         0      
       autoinit.c.obj                68     0         0      
       boot_cortex_m.c.obj           52     0         0      
       copy_decompress_none.c.obj    14     0         0      
       exit.c.obj                    4      0         0      
       pre_init.c.obj                4      0         0      
    +--+-----------------------------+------+---------+---------+
       Total:                        402    0         0      
                                                             
       Stack:                        0      0         1024   
       Linker Generated:             0      86        0      
    +--+-----------------------------+------+---------+---------+
       Grand Total:                  2016   322       1240   


LINKER GENERATED COPY TABLES

__TI_cinit_table @ 00000920 records: 1, size/record: 8, table size: 8
	.data: load addr=000008d0, load size=00000046 bytes, run addr=20000000, run size=0000006c bytes, compression=lzss


LINKER GENERATED HANDLER TABLE

__TI_handler_table @ 00000918 records: 2, size/record: 4, table size: 8
	index: 0, handler: __TI_decompress_lzss
	index: 1, handler: __TI_decompress_none


GLOBAL SYMBOLS: SORTED ALPHABETICALLY BY Name 

address   name                          
-------   ----                          
000008af  ADC14_IRQHandler              
000008af  AES256_IRQHandler             
000008af  BusFault_Handler              
000008c1  C$$EXIT                       
000008af  COMP_E0_IRQHandler            
000008af  COMP_E1_IRQHandler            
000008b1  CPU_cpsie                     
000008af  CS_IRQHandler                 
000008af  DMA_ERR_IRQHandler            
000008af  DMA_INT0_IRQHandler           
000008af  DMA_INT1_IRQHandler           
000008af  DMA_INT2_IRQHandler           
000008af  DMA_INT3_IRQHandler           
000008af  DebugMon_Handler              
000008af  Default_Handler               
000008af  EUSCIA0_IRQHandler            
000008af  EUSCIA1_IRQHandler            
000008af  EUSCIA2_IRQHandler            
000008af  EUSCIA3_IRQHandler            
000008af  EUSCIB0_IRQHandler            
000008af  EUSCIB1_IRQHandler            
000008af  EUSCIB2_IRQHandler            
000008af  EUSCIB3_IRQHandler            
000008af  FLCTL_IRQHandler              
000008af  FPU_IRQHandler                
000008af  HardFault_Handler             
00000725  Interrupt_enableInterrupt     
00000885  Interrupt_enableMaster        
000008af  MemManage_Handler             
000008af  NMI_Handler                   
000008af  PCM_IRQHandler                
000002d3  PORT1_IRQHandler              
000002d3  PORT1_IRQHandler              
000002bd  PORT2_IRQHandler              
000002bd  PORT2_IRQHandler              
000002a7  PORT3_IRQHandler              
000002a7  PORT3_IRQHandler              
00000291  PORT4_IRQHandler              
00000291  PORT4_IRQHandler              
0000027d  PORT5_IRQHandler              
0000027d  PORT5_IRQHandler              
00000269  PORT6_IRQHandler              
00000269  PORT6_IRQHandler              
000008af  PSS_IRQHandler                
000008af  PendSV_Handler                
000008af  RTC_C_IRQHandler              
000008a3  Reset_Handler                 
000008af  SVC_Handler                   
000008af  SysTick_Handler               
20000068  SystemCoreClock               
00000347  SystemCoreClockUpdate         
000002f1  SystemInit                    
000008af  T32_INT1_IRQHandler           
000008af  T32_INT2_IRQHandler           
000008af  T32_INTC_IRQHandler           
000008af  TA0_0_IRQHandler              
000008af  TA0_N_IRQHandler              
000008af  TA1_0_IRQHandler              
000008af  TA1_N_IRQHandler              
000008af  TA2_0_IRQHandler              
000008af  TA2_N_IRQHandler              
000008af  TA3_0_IRQHandler              
000008af  TA3_N_IRQHandler              
000008af  UsageFault_Handler            
4000480c  WDTCTL_SYM                    
000008af  WDT_A_IRQHandler              
20010000  __STACK_END                   
00000200  __STACK_SIZE                  
00000920  __TI_CINIT_Base               
00000928  __TI_CINIT_Limit              
00000918  __TI_Handler_Table_Base       
00000920  __TI_Handler_Table_Limit      
0000080d  __TI_auto_init_nobinit_nopinit
000007a5  __TI_decompress_lzss          
00000895  __TI_decompress_none          
ffffffff  __TI_pprof_out_hndl           
ffffffff  __TI_prof_data_size           
ffffffff  __TI_prof_data_start          
00000000  __TI_static_base__            
00000689  __aeabi_memcpy                
00000689  __aeabi_memcpy4               
00000689  __aeabi_memcpy8               
ffffffff  __binit__                     
ffffffff  __c_args__                    
UNDEFED   __mpu_init                    
2000fe00  __stack                       
20000000  __start___llvm_prf_cnts       
20000000  __stop___llvm_prf_cnts        
00000851  _c_int00_noargs               
UNDEFED   _system_post_cinit            
000008bd  _system_pre_init              
000008c1  abort                         
ffffffff  binit                         
00000667  buttonCallback                
000001d1  buttonPressed                 
000001a1  buttonState                   
000000e5  buttonsInit                   
00000000  interruptVectors              
00000551  ledGet                        
000004d1  ledOff                        
0000058f  ledOn                         
000005c1  ledToggle                     
0000054d  ledsGetNum                    
00000503  ledsInit                      
000005ed  main                          
00000689  memcpy                        


GLOBAL SYMBOLS: SORTED BY Symbol Address 

address   name                          
-------   ----                          
00000000  __TI_static_base__            
00000000  interruptVectors              
000000e5  buttonsInit                   
000001a1  buttonState                   
000001d1  buttonPressed                 
00000200  __STACK_SIZE                  
00000269  PORT6_IRQHandler              
00000269  PORT6_IRQHandler              
0000027d  PORT5_IRQHandler              
0000027d  PORT5_IRQHandler              
00000291  PORT4_IRQHandler              
00000291  PORT4_IRQHandler              
000002a7  PORT3_IRQHandler              
000002a7  PORT3_IRQHandler              
000002bd  PORT2_IRQHandler              
000002bd  PORT2_IRQHandler              
000002d3  PORT1_IRQHandler              
000002d3  PORT1_IRQHandler              
000002f1  SystemInit                    
00000347  SystemCoreClockUpdate         
000004d1  ledOff                        
00000503  ledsInit                      
0000054d  ledsGetNum                    
00000551  ledGet                        
0000058f  ledOn                         
000005c1  ledToggle                     
000005ed  main                          
00000667  buttonCallback                
00000689  __aeabi_memcpy                
00000689  __aeabi_memcpy4               
00000689  __aeabi_memcpy8               
00000689  memcpy                        
00000725  Interrupt_enableInterrupt     
000007a5  __TI_decompress_lzss          
0000080d  __TI_auto_init_nobinit_nopinit
00000851  _c_int00_noargs               
00000885  Interrupt_enableMaster        
00000895  __TI_decompress_none          
000008a3  Reset_Handler                 
000008af  ADC14_IRQHandler              
000008af  AES256_IRQHandler             
000008af  BusFault_Handler              
000008af  COMP_E0_IRQHandler            
000008af  COMP_E1_IRQHandler            
000008af  CS_IRQHandler                 
000008af  DMA_ERR_IRQHandler            
000008af  DMA_INT0_IRQHandler           
000008af  DMA_INT1_IRQHandler           
000008af  DMA_INT2_IRQHandler           
000008af  DMA_INT3_IRQHandler           
000008af  DebugMon_Handler              
000008af  Default_Handler               
000008af  EUSCIA0_IRQHandler            
000008af  EUSCIA1_IRQHandler            
000008af  EUSCIA2_IRQHandler            
000008af  EUSCIA3_IRQHandler            
000008af  EUSCIB0_IRQHandler            
000008af  EUSCIB1_IRQHandler            
000008af  EUSCIB2_IRQHandler            
000008af  EUSCIB3_IRQHandler            
000008af  FLCTL_IRQHandler              
000008af  FPU_IRQHandler                
000008af  HardFault_Handler             
000008af  MemManage_Handler             
000008af  NMI_Handler                   
000008af  PCM_IRQHandler                
000008af  PSS_IRQHandler                
000008af  PendSV_Handler                
000008af  RTC_C_IRQHandler              
000008af  SVC_Handler                   
000008af  SysTick_Handler               
000008af  T32_INT1_IRQHandler           
000008af  T32_INT2_IRQHandler           
000008af  T32_INTC_IRQHandler           
000008af  TA0_0_IRQHandler              
000008af  TA0_N_IRQHandler              
000008af  TA1_0_IRQHandler              
000008af  TA1_N_IRQHandler              
000008af  TA2_0_IRQHandler              
000008af  TA2_N_IRQHandler              
000008af  TA3_0_IRQHandler              
000008af  TA3_N_IRQHandler              
000008af  UsageFault_Handler            
000008af  WDT_A_IRQHandler              
000008b1  CPU_cpsie                     
000008bd  _system_pre_init              
000008c1  C$$EXIT                       
000008c1  abort                         
00000918  __TI_Handler_Table_Base       
00000920  __TI_CINIT_Base               
00000920  __TI_Handler_Table_Limit      
00000928  __TI_CINIT_Limit              
20000000  __start___llvm_prf_cnts       
20000000  __stop___llvm_prf_cnts        
20000068  SystemCoreClock               
2000fe00  __stack                       
20010000  __STACK_END                   
4000480c  WDTCTL_SYM                    
ffffffff  __TI_pprof_out_hndl           
ffffffff  __TI_prof_data_size           
ffffffff  __TI_prof_data_start          
ffffffff  __binit__                     
ffffffff  __c_args__                    
ffffffff  binit                         
UNDEFED   __mpu_init                    
UNDEFED   _system_post_cinit            

[106 symbols]
