******************************************************************************
                  TI ARM Linker PC v18.12.4                    
******************************************************************************
>> Linked Thu Dec 10 09:51:48 2020

OUTPUT FILE NAME:   <P1Alapont.out>
ENTRY POINT SYMBOL: "_c_int00_noargs"  address: 000004ed


MEMORY CONFIGURATION

         name            origin    length      used     unused   attr    fill
----------------------  --------  ---------  --------  --------  ----  --------
  MAIN                  00000000   00040000  000006c2  0003f93e  R  X
  INFO                  00200000   00004000  00000000  00004000  R  X
  SRAM_CODE             01000000   00010000  0000022c  0000fdd4  RW X
  SRAM_DATA             20000000   00010000  0000022c  0000fdd4  RW  


SEGMENT ALLOCATION MAP

run origin  load origin   length   init length attrs members
----------  ----------- ---------- ----------- ----- -------
00000000    00000000    000006c8   000006c8    r-x
  00000000    00000000    000000e4   000000e4    r-- .intvecs
  000000e4    000000e4    0000059e   0000059e    r-x .text
  00000688    00000688    00000040   00000040    r-- .cinit
20000000    20000000    0000002c   00000000    rw-
  20000000    20000000    00000028   00000000    rw- .data
  20000028    20000028    00000004   00000000    rw- .bss
2000fe00    2000fe00    00000200   00000000    rw-
  2000fe00    2000fe00    00000200   00000000    rw- .stack


SECTION ALLOCATION MAP

 output                                  attributes/
section   page    origin      length       input sections
--------  ----  ----------  ----------   ----------------
.intvecs   0    00000000    000000e4     
                  00000000    000000e4     startup_msp432p401r_ccs.obj (.intvecs:retain)

.text      0    000000e4    0000059e     
                  000000e4    0000009e     buttons.obj (.text:_buttonInit)
                  00000182    0000009c     rtsv7M4_T_le_v4SPD16_eabi.lib : memcpy_t2.asm.obj (.text)
                  0000021e    00000002     startup_msp432p401r_ccs.obj (.text:Default_Handler)
                  00000220    00000084     buttons.obj (.text:buttonGet)
                  000002a4    00000078     system_msp432p401r.obj (.text:SystemInit)
                  0000031c    00000074     leds.obj (.text:ledOn)
                  00000390    00000070     leds.obj (.text:ledOff)
                  00000400    00000068     rtsv7M4_T_le_v4SPD16_eabi.lib : copy_decompress_lzss.c.obj (.text:decompress:lzss:__TI_decompress_lzss)
                  00000468    00000044                                   : autoinit.c.obj (.text:__TI_auto_init_nobinit_nopinit:__TI_auto_init_nobinit_nopinit)
                  000004ac    00000040     msp432p401x_1.obj (.text:main)
                  000004ec    00000034     rtsv7M4_T_le_v4SPD16_eabi.lib : boot_cortex_m.c.obj (.text:_c_int00_noargs:_c_int00_noargs)
                  00000520    00000034     leds.obj (.text:ledToggle)
                  00000554    00000034     leds.obj (.text:ledsInit)
                  00000588    00000032     leds.obj (.text:_ledEvenInit)
                  000005ba    00000032     leds.obj (.text:_ledOddInit)
                  000005ec    00000030     buttons.obj (.text:buttonsInit)
                  0000061c    00000028     leds.obj (.text:_ledInit)
                  00000644    0000001c     rtsv7M4_T_le_v4SPD16_eabi.lib : copy_zero_init.c.obj (.text:decompress:ZI:__TI_zero_init_nomemset:__TI_zero_init_nomemset)
                  00000660    0000000e                                   : copy_decompress_none.c.obj (.text:decompress:none:__TI_decompress_none)
                  0000066e    0000000c     startup_msp432p401r_ccs.obj (.text:Reset_Handler)
                  0000067a    00000004     rtsv7M4_T_le_v4SPD16_eabi.lib : pre_init.c.obj (.text:_system_pre_init)
                  0000067e    00000004                                   : exit.c.obj (.text:abort:abort)

.cinit     0    00000688    00000040     
                  00000688    00000018     (.cinit..data.load) [load image, compression = lzss]
                  000006a0    0000000c     (__TI_handler_table)
                  000006ac    00000004     --HOLE-- [fill = 0]
                  000006b0    00000008     (.cinit..bss.load) [load image, compression = zero_init]
                  000006b8    00000010     (__TI_cinit_table)

.init_array 
*          0    00000000    00000000     UNINITIALIZED

.binit     0    00000000    00000000     

.data      0    20000000    00000028     UNINITIALIZED
                  20000000    00000018     buttons.obj (.data:buttonsPinRef)
                  20000018    00000010     leds.obj (.data:ledsPinRef)

.bss       0    20000028    00000004     UNINITIALIZED
                  20000028    00000004     leds.obj (.bss:ledsEstado)

.stack     0    2000fe00    00000200     UNINITIALIZED
                  2000fe00    00000004     rtsv7M4_T_le_v4SPD16_eabi.lib : boot_cortex_m.c.obj (.stack)
                  2000fe04    000001fc     --HOLE--

MODULE SUMMARY

       Module                        code   ro data   rw data
       ------                        ----   -------   -------
    .\
       leds.obj                      472    0         40     
       buttons.obj                   338    0         48     
       system_msp432p401r.obj        120    0         0      
       msp432p401x_1.obj             64     0         0      
    +--+-----------------------------+------+---------+---------+
       Total:                        994    0         88     
                                                             
    .\ccs\
       startup_msp432p401r_ccs.obj   14     228       0      
    +--+-----------------------------+------+---------+---------+
       Total:                        14     228       0      
                                                             
    C:\ti\ccs930\ccs\tools\compiler\ti-cgt-arm_18.12.4.LTS\lib\rtsv7M4_T_le_v4SPD16_eabi.lib
       memcpy_t2.asm.obj             156    0         0      
       copy_decompress_lzss.c.obj    104    0         0      
       autoinit.c.obj                68     0         0      
       boot_cortex_m.c.obj           52     0         0      
       copy_zero_init.c.obj          28     0         0      
       copy_decompress_none.c.obj    14     0         0      
       exit.c.obj                    4      0         0      
       pre_init.c.obj                4      0         0      
    +--+-----------------------------+------+---------+---------+
       Total:                        430    0         0      
                                                             
       Stack:                        0      0         1024   
       Linker Generated:             0      60        0      
    +--+-----------------------------+------+---------+---------+
       Grand Total:                  1438   288       1112   


LINKER GENERATED COPY TABLES

__TI_cinit_table @ 000006b8 records: 2, size/record: 8, table size: 16
	.data: load addr=00000688, load size=00000018 bytes, run addr=20000000, run size=00000028 bytes, compression=lzss
	.bss: load addr=000006b0, load size=00000008 bytes, run addr=20000028, run size=00000004 bytes, compression=zero_init


LINKER GENERATED HANDLER TABLE

__TI_handler_table @ 000006a0 records: 3, size/record: 4, table size: 12
	index: 0, handler: __TI_decompress_lzss
	index: 1, handler: __TI_decompress_none
	index: 2, handler: __TI_zero_init


GLOBAL SYMBOLS: SORTED ALPHABETICALLY BY Name 

address   name                          
-------   ----                          
0000021f  ADC14_IRQHandler              
0000021f  AES256_IRQHandler             
0000021f  BusFault_Handler              
0000067f  C$$EXIT                       
0000021f  COMP_E0_IRQHandler            
0000021f  COMP_E1_IRQHandler            
0000021f  CS_IRQHandler                 
0000021f  DMA_ERR_IRQHandler            
0000021f  DMA_INT0_IRQHandler           
0000021f  DMA_INT1_IRQHandler           
0000021f  DMA_INT2_IRQHandler           
0000021f  DMA_INT3_IRQHandler           
0000021f  DebugMon_Handler              
0000021f  Default_Handler               
0000021f  EUSCIA0_IRQHandler            
0000021f  EUSCIA1_IRQHandler            
0000021f  EUSCIA2_IRQHandler            
0000021f  EUSCIA3_IRQHandler            
0000021f  EUSCIB0_IRQHandler            
0000021f  EUSCIB1_IRQHandler            
0000021f  EUSCIB2_IRQHandler            
0000021f  EUSCIB3_IRQHandler            
0000021f  FLCTL_IRQHandler              
0000021f  FPU_IRQHandler                
0000021f  HardFault_Handler             
0000021f  MemManage_Handler             
0000021f  NMI_Handler                   
0000021f  PCM_IRQHandler                
0000021f  PORT1_IRQHandler              
0000021f  PORT2_IRQHandler              
0000021f  PORT3_IRQHandler              
0000021f  PORT4_IRQHandler              
0000021f  PORT5_IRQHandler              
0000021f  PORT6_IRQHandler              
0000021f  PSS_IRQHandler                
0000021f  PendSV_Handler                
0000021f  RTC_C_IRQHandler              
0000066f  Reset_Handler                 
0000021f  SVC_Handler                   
0000021f  SysTick_Handler               
000002a5  SystemInit                    
0000021f  T32_INT1_IRQHandler           
0000021f  T32_INT2_IRQHandler           
0000021f  T32_INTC_IRQHandler           
0000021f  TA0_0_IRQHandler              
0000021f  TA0_N_IRQHandler              
0000021f  TA1_0_IRQHandler              
0000021f  TA1_N_IRQHandler              
0000021f  TA2_0_IRQHandler              
0000021f  TA2_N_IRQHandler              
0000021f  TA3_0_IRQHandler              
0000021f  TA3_N_IRQHandler              
0000021f  UsageFault_Handler            
4000480c  WDTCTL_SYM                    
0000021f  WDT_A_IRQHandler              
20010000  __STACK_END                   
00000200  __STACK_SIZE                  
000006b8  __TI_CINIT_Base               
000006c8  __TI_CINIT_Limit              
000006a0  __TI_Handler_Table_Base       
000006ac  __TI_Handler_Table_Limit      
00000469  __TI_auto_init_nobinit_nopinit
00000401  __TI_decompress_lzss          
00000661  __TI_decompress_none          
ffffffff  __TI_pprof_out_hndl           
ffffffff  __TI_prof_data_size           
ffffffff  __TI_prof_data_start          
00000000  __TI_static_base__            
00000645  __TI_zero_init_nomemset       
00000183  __aeabi_memcpy                
00000183  __aeabi_memcpy4               
00000183  __aeabi_memcpy8               
ffffffff  __binit__                     
ffffffff  __c_args__                    
UNDEFED   __mpu_init                    
2000fe00  __stack                       
000004ed  _c_int00_noargs               
UNDEFED   _system_post_cinit            
0000067b  _system_pre_init              
0000067f  abort                         
ffffffff  binit                         
00000221  buttonGet                     
000005ed  buttonsInit                   
00000000  interruptVectors              
00000391  ledOff                        
0000031d  ledOn                         
00000521  ledToggle                     
00000555  ledsInit                      
000004ad  main                          
00000183  memcpy                        


GLOBAL SYMBOLS: SORTED BY Symbol Address 

address   name                          
-------   ----                          
00000000  __TI_static_base__            
00000000  interruptVectors              
00000183  __aeabi_memcpy                
00000183  __aeabi_memcpy4               
00000183  __aeabi_memcpy8               
00000183  memcpy                        
00000200  __STACK_SIZE                  
0000021f  ADC14_IRQHandler              
0000021f  AES256_IRQHandler             
0000021f  BusFault_Handler              
0000021f  COMP_E0_IRQHandler            
0000021f  COMP_E1_IRQHandler            
0000021f  CS_IRQHandler                 
0000021f  DMA_ERR_IRQHandler            
0000021f  DMA_INT0_IRQHandler           
0000021f  DMA_INT1_IRQHandler           
0000021f  DMA_INT2_IRQHandler           
0000021f  DMA_INT3_IRQHandler           
0000021f  DebugMon_Handler              
0000021f  Default_Handler               
0000021f  EUSCIA0_IRQHandler            
0000021f  EUSCIA1_IRQHandler            
0000021f  EUSCIA2_IRQHandler            
0000021f  EUSCIA3_IRQHandler            
0000021f  EUSCIB0_IRQHandler            
0000021f  EUSCIB1_IRQHandler            
0000021f  EUSCIB2_IRQHandler            
0000021f  EUSCIB3_IRQHandler            
0000021f  FLCTL_IRQHandler              
0000021f  FPU_IRQHandler                
0000021f  HardFault_Handler             
0000021f  MemManage_Handler             
0000021f  NMI_Handler                   
0000021f  PCM_IRQHandler                
0000021f  PORT1_IRQHandler              
0000021f  PORT2_IRQHandler              
0000021f  PORT3_IRQHandler              
0000021f  PORT4_IRQHandler              
0000021f  PORT5_IRQHandler              
0000021f  PORT6_IRQHandler              
0000021f  PSS_IRQHandler                
0000021f  PendSV_Handler                
0000021f  RTC_C_IRQHandler              
0000021f  SVC_Handler                   
0000021f  SysTick_Handler               
0000021f  T32_INT1_IRQHandler           
0000021f  T32_INT2_IRQHandler           
0000021f  T32_INTC_IRQHandler           
0000021f  TA0_0_IRQHandler              
0000021f  TA0_N_IRQHandler              
0000021f  TA1_0_IRQHandler              
0000021f  TA1_N_IRQHandler              
0000021f  TA2_0_IRQHandler              
0000021f  TA2_N_IRQHandler              
0000021f  TA3_0_IRQHandler              
0000021f  TA3_N_IRQHandler              
0000021f  UsageFault_Handler            
0000021f  WDT_A_IRQHandler              
00000221  buttonGet                     
000002a5  SystemInit                    
0000031d  ledOn                         
00000391  ledOff                        
00000401  __TI_decompress_lzss          
00000469  __TI_auto_init_nobinit_nopinit
000004ad  main                          
000004ed  _c_int00_noargs               
00000521  ledToggle                     
00000555  ledsInit                      
000005ed  buttonsInit                   
00000645  __TI_zero_init_nomemset       
00000661  __TI_decompress_none          
0000066f  Reset_Handler                 
0000067b  _system_pre_init              
0000067f  C$$EXIT                       
0000067f  abort                         
000006a0  __TI_Handler_Table_Base       
000006ac  __TI_Handler_Table_Limit      
000006b8  __TI_CINIT_Base               
000006c8  __TI_CINIT_Limit              
2000fe00  __stack                       
20010000  __STACK_END                   
4000480c  WDTCTL_SYM                    
ffffffff  __TI_pprof_out_hndl           
ffffffff  __TI_prof_data_size           
ffffffff  __TI_prof_data_start          
ffffffff  __binit__                     
ffffffff  __c_args__                    
ffffffff  binit                         
UNDEFED   __mpu_init                    
UNDEFED   _system_post_cinit            

[90 symbols]
